// Jest Snapshot v1, https://goo.gl/fbAQLP

exports[`App renders properly 1`] = `
<div
  className="App"
>
  <Header />
  <BooksDisplay />
  <Footer />
</div>
`;
