// Jest Snapshot v1, https://goo.gl/fbAQLP

exports[`Books Display renders properly 1`] = `<div />`;
