// Jest Snapshot v1, https://goo.gl/fbAQLP

exports[`Cart Page renders properly 1`] = `
<div
  className="Cart"
/>
`;
