// Jest Snapshot v1, https://goo.gl/fbAQLP

exports[`Header renders properly 1`] = `
<div
  className="Header"
>
  <nav
    className="container px-3 px-sm-0 Header__block"
  >
    <span
      className="Header__title navbar-brand"
      href="/"
    >
      Livraria
    </span>
    <div
      className="Header__links"
    >
      <Link
        className="Header__links__wrapper"
        replace={false}
        to="/carrinho"
      >
        <i
          className="Header__links__wrapper__icon material-icons"
        >
          shopping_cart
        </i>
      </Link>
    </div>
  </nav>
</div>
`;
